if proxy_http vaild~
